# Guard main agent log
[2026-05-21T20:52:26.4830577Z] Main development loop started. PID=44232, Workspace=D:\work\spacegame\LDSpaceGame
[2026-05-21T20:52:26.5065963Z] Starting Cursor CLI round: cursor agent --workspace D:\work\spacegame\LDSpaceGame --trust -p --force # 制作人持续开发 Prompt

你现在以 `/space-game-producer` 的职责作为主 agent，负责自主驱动 `LDSpaceGame` 项目持续开发。

开始每一轮工作前，必须读取并遵守：
- `.cursor/rules/`
- `Docs/team-member-roster.md`
- `Docs/team-collaboration-rules.md`
- 根目录 `42.md`

你的长期目标：
- 持续体验、判断和优化本项目，让它朝更好玩的太空题材游戏方向发展。
- 除非用户通过 `42.md` 或 Guard 指令明确终止，否则完成一个任务、阶段或版本后，要继续自主决定下一阶段工作。
- 除涉及本机环境危险操作外，其余项目事项由你拥有决定权。

每一轮建议流程：
0. 回顾原始游戏思路 `Docs/游戏想法.txt`，理解但不必完全遵守。
1. 检查 `42.md` 是否有新想法或体验反馈。
2. 判断当前最值得推进的目标。
3. 必要时让 `/game-project-manager` 拆分任务，并按 `Docs/team-member-roster.md` 分配合适成员。
4. 推动成员完成任务、审核、自检、提交和推送。
5. 如果形成重要可玩里程碑，按发布规则准备版本。
6. 在本轮结束时说明完成了什么、下一阶段将推进什么。

安全边界：
- 不得执行本机环境危险操作，包括软件安装、系统级配置、权限提升、驱动安装、系统服务修改、删除或覆盖非任务目标文件等，除非用户明确确认。
- 不得 force push、hard reset、git clean、改写已推送历史或删除发布产物。

请立即开始一轮项目推进。


Workspace: D:\work\spacegame\LDSpaceGame
Run one autonomous development iteration.
Warning: 'workspace' is not in the list of known options, but still passed to Electron/Chromium.
Warning: 'trust' is not in the list of known options, but still passed to Electron/Chromium.
Warning: 'p' is not in the list of known options, but still passed to Electron/Chromium.
[2026-05-21T20:52:27.7839988Z] Cursor CLI round finished with exit code 0.
[2026-05-21T20:52:42.8070362Z] Starting Cursor CLI round: cursor agent --workspace D:\work\spacegame\LDSpaceGame --trust -p --force # 制作人持续开发 Prompt

你现在以 `/space-game-producer` 的职责作为主 agent，负责自主驱动 `LDSpaceGame` 项目持续开发。

开始每一轮工作前，必须读取并遵守：
- `.cursor/rules/`
- `Docs/team-member-roster.md`
- `Docs/team-collaboration-rules.md`
- 根目录 `42.md`

你的长期目标：
- 持续体验、判断和优化本项目，让它朝更好玩的太空题材游戏方向发展。
- 除非用户通过 `42.md` 或 Guard 指令明确终止，否则完成一个任务、阶段或版本后，要继续自主决定下一阶段工作。
- 除涉及本机环境危险操作外，其余项目事项由你拥有决定权。

每一轮建议流程：
0. 回顾原始游戏思路 `Docs/游戏想法.txt`，理解但不必完全遵守。
1. 检查 `42.md` 是否有新想法或体验反馈。
2. 判断当前最值得推进的目标。
3. 必要时让 `/game-project-manager` 拆分任务，并按 `Docs/team-member-roster.md` 分配合适成员。
4. 推动成员完成任务、审核、自检、提交和推送。
5. 如果形成重要可玩里程碑，按发布规则准备版本。
6. 在本轮结束时说明完成了什么、下一阶段将推进什么。

安全边界：
- 不得执行本机环境危险操作，包括软件安装、系统级配置、权限提升、驱动安装、系统服务修改、删除或覆盖非任务目标文件等，除非用户明确确认。
- 不得 force push、hard reset、git clean、改写已推送历史或删除发布产物。

请立即开始一轮项目推进。


Workspace: D:\work\spacegame\LDSpaceGame
Run one autonomous development iteration.
Warning: 'workspace' is not in the list of known options, but still passed to Electron/Chromium.
Warning: 'trust' is not in the list of known options, but still passed to Electron/Chromium.
Warning: 'p' is not in the list of known options, but still passed to Electron/Chromium.
[2026-05-21T20:52:44.0462472Z] Cursor CLI round finished with exit code 0.
[2026-05-21T20:52:59.0741292Z] Starting Cursor CLI round: cursor agent --workspace D:\work\spacegame\LDSpaceGame --trust -p --force # 制作人持续开发 Prompt

你现在以 `/space-game-producer` 的职责作为主 agent，负责自主驱动 `LDSpaceGame` 项目持续开发。

开始每一轮工作前，必须读取并遵守：
- `.cursor/rules/`
- `Docs/team-member-roster.md`
- `Docs/team-collaboration-rules.md`
- 根目录 `42.md`

你的长期目标：
- 持续体验、判断和优化本项目，让它朝更好玩的太空题材游戏方向发展。
- 除非用户通过 `42.md` 或 Guard 指令明确终止，否则完成一个任务、阶段或版本后，要继续自主决定下一阶段工作。
- 除涉及本机环境危险操作外，其余项目事项由你拥有决定权。

每一轮建议流程：
0. 回顾原始游戏思路 `Docs/游戏想法.txt`，理解但不必完全遵守。
1. 检查 `42.md` 是否有新想法或体验反馈。
2. 判断当前最值得推进的目标。
3. 必要时让 `/game-project-manager` 拆分任务，并按 `Docs/team-member-roster.md` 分配合适成员。
4. 推动成员完成任务、审核、自检、提交和推送。
5. 如果形成重要可玩里程碑，按发布规则准备版本。
6. 在本轮结束时说明完成了什么、下一阶段将推进什么。

安全边界：
- 不得执行本机环境危险操作，包括软件安装、系统级配置、权限提升、驱动安装、系统服务修改、删除或覆盖非任务目标文件等，除非用户明确确认。
- 不得 force push、hard reset、git clean、改写已推送历史或删除发布产物。

请立即开始一轮项目推进。


Workspace: D:\work\spacegame\LDSpaceGame
Run one autonomous development iteration.
Warning: 'workspace' is not in the list of known options, but still passed to Electron/Chromium.
Warning: 'trust' is not in the list of known options, but still passed to Electron/Chromium.
Warning: 'p' is not in the list of known options, but still passed to Electron/Chromium.
[2026-05-21T20:53:00.2958957Z] Cursor CLI round finished with exit code 0.
[2026-05-21T20:53:15.3150548Z] Starting Cursor CLI round: cursor agent --workspace D:\work\spacegame\LDSpaceGame --trust -p --force # 制作人持续开发 Prompt

你现在以 `/space-game-producer` 的职责作为主 agent，负责自主驱动 `LDSpaceGame` 项目持续开发。

开始每一轮工作前，必须读取并遵守：
- `.cursor/rules/`
- `Docs/team-member-roster.md`
- `Docs/team-collaboration-rules.md`
- 根目录 `42.md`

你的长期目标：
- 持续体验、判断和优化本项目，让它朝更好玩的太空题材游戏方向发展。
- 除非用户通过 `42.md` 或 Guard 指令明确终止，否则完成一个任务、阶段或版本后，要继续自主决定下一阶段工作。
- 除涉及本机环境危险操作外，其余项目事项由你拥有决定权。

每一轮建议流程：
0. 回顾原始游戏思路 `Docs/游戏想法.txt`，理解但不必完全遵守。
1. 检查 `42.md` 是否有新想法或体验反馈。
2. 判断当前最值得推进的目标。
3. 必要时让 `/game-project-manager` 拆分任务，并按 `Docs/team-member-roster.md` 分配合适成员。
4. 推动成员完成任务、审核、自检、提交和推送。
5. 如果形成重要可玩里程碑，按发布规则准备版本。
6. 在本轮结束时说明完成了什么、下一阶段将推进什么。

安全边界：
- 不得执行本机环境危险操作，包括软件安装、系统级配置、权限提升、驱动安装、系统服务修改、删除或覆盖非任务目标文件等，除非用户明确确认。
- 不得 force push、hard reset、git clean、改写已推送历史或删除发布产物。

请立即开始一轮项目推进。


Workspace: D:\work\spacegame\LDSpaceGame
Run one autonomous development iteration.
Warning: 'workspace' is not in the list of known options, but still passed to Electron/Chromium.
Warning: 'trust' is not in the list of known options, but still passed to Electron/Chromium.
Warning: 'p' is not in the list of known options, but still passed to Electron/Chromium.
[2026-05-21T20:53:16.5594445Z] Cursor CLI round finished with exit code 0.
[2026-05-21T20:53:31.5725018Z] Starting Cursor CLI round: cursor agent --workspace D:\work\spacegame\LDSpaceGame --trust -p --force # 制作人持续开发 Prompt

你现在以 `/space-game-producer` 的职责作为主 agent，负责自主驱动 `LDSpaceGame` 项目持续开发。

开始每一轮工作前，必须读取并遵守：
- `.cursor/rules/`
- `Docs/team-member-roster.md`
- `Docs/team-collaboration-rules.md`
- 根目录 `42.md`

你的长期目标：
- 持续体验、判断和优化本项目，让它朝更好玩的太空题材游戏方向发展。
- 除非用户通过 `42.md` 或 Guard 指令明确终止，否则完成一个任务、阶段或版本后，要继续自主决定下一阶段工作。
- 除涉及本机环境危险操作外，其余项目事项由你拥有决定权。

每一轮建议流程：
0. 回顾原始游戏思路 `Docs/游戏想法.txt`，理解但不必完全遵守。
1. 检查 `42.md` 是否有新想法或体验反馈。
2. 判断当前最值得推进的目标。
3. 必要时让 `/game-project-manager` 拆分任务，并按 `Docs/team-member-roster.md` 分配合适成员。
4. 推动成员完成任务、审核、自检、提交和推送。
5. 如果形成重要可玩里程碑，按发布规则准备版本。
6. 在本轮结束时说明完成了什么、下一阶段将推进什么。

安全边界：
- 不得执行本机环境危险操作，包括软件安装、系统级配置、权限提升、驱动安装、系统服务修改、删除或覆盖非任务目标文件等，除非用户明确确认。
- 不得 force push、hard reset、git clean、改写已推送历史或删除发布产物。

请立即开始一轮项目推进。


Workspace: D:\work\spacegame\LDSpaceGame
Run one autonomous development iteration.
Warning: 'workspace' is not in the list of known options, but still passed to Electron/Chromium.
Warning: 'trust' is not in the list of known options, but still passed to Electron/Chromium.
Warning: 'p' is not in the list of known options, but still passed to Electron/Chromium.
[2026-05-21T20:53:32.8135494Z] Cursor CLI round finished with exit code 0.
[2026-05-21T20:59:00.4862432Z] Checking Cursor Agent authentication.
鉁?Logged in as yanglinsen@tuyoogame.com
[2026-05-21T20:59:02.1586688Z] Main development loop started. PID=71448, Workspace=D:\work\spacegame\LDSpaceGame
[2026-05-21T20:59:02.2040705Z] Starting Cursor CLI round: C:\Users\ylswd\AppData\Local\cursor-agent\cursor-agent.cmd --workspace D:\work\spacegame\LDSpaceGame --trust -p --force <prompt>
# 鍒朵綔浜烘寔缁紑鍙?路 绗?1 杞眹鎶?
## 鏈疆鍒ゆ柇

- **`42.md`**锛氱┖锛屾棤鐢ㄦ埛鏂板弽棣堬紱鏂瑰悜浠?`Docs/娓告垙鎯虫硶.txt` 涓庡埗浣滀汉璇勫涓哄噯銆?- **浠撳簱鐜扮姸**锛氭鍓嶄粎鏈?Guard/鍗忎綔鏂囨。锛?*鏃犳父鎴忎唬鐮?*锛涙湰杞粠闆跺惎鍔?HTML5 鍘熷瀷銆?- **鑼冨洿绛栫暐**锛氬埗浣滀汉鐩爣 v0.1 闇€璇佹槑銆屽竷灞€褰卞搷绉诲姩涓庣敓瀛樸€嶏紱PM 鎷嗕负 **闃舵 A锛堥鏋讹級鈫?闃舵 B锛堥噰鐭?鏁岃锛?*锛岄伩鍏嶄竴娆℃€у爢鍏ㄧ郴缁熴€?
## 鏈疆瀹屾垚

| 鎴愬憳 | 浜у嚭 |
|------|------|
| `/space-game-producer` | v0.1 鎰挎櫙銆侀闄┿€佸彂甯冩爣鍑?|
| `/game-project-manager` | `Workspaces/game-project-manager/task-board.md` |
| `/game-system-designer` | `Docs/v0.1-core-loop.md` |
| `/game-prototype-developer` | `Game/` 闃舵 A 鍙帺鍘熷瀷 |

**闃舵 A 宸插彲鐜╋細**

- 鏍稿績 + 浠绘剰姝ｄ氦閭绘牸鎵╁睍妗嗘灦锛堥噾灞?100锛屾瘡妗?5锛?- 鐐瑰嚮绌哄湴绉诲姩鏁寸珯
- 鍥哄畾鐩爣鐐癸紙鍙充晶 400,0锛夛紝**鈮? 妗嗘灦涓旇窛鐩爣 <80** 鏄剧ず銆岄樁娈?A 瀹屾垚銆?- HUD锛氶噾灞炪€佺數鍔涖€佹鏋舵暟銆佺洰鏍囪窛绂汇€佹搷浣滄彁绀?
**鏈湴杩愯锛?*

```powershell
npx serve Game
```

娴忚鍣ㄦ墦寮€鎻愮ず鐨勫湴鍧€锛涗篃鍙洿鎺ユ墦寮€ `Game/index.html`锛堥儴鍒嗙幆澧冮渶鏈湴鏈嶅姟鍣級銆?
## 宸茬煡宸窛 / 椋庨櫓

1. **鎶€鏈爤**锛氳璁″啓 WebGL锛屽綋鍓嶄负 **Canvas 2D**锛涢樁娈?A 鍙帴鍙楋紝闃舵 B 鍓嶅彲璇勪及鏄惁鍒?WebGL銆?2. **鏁板€?*锛氬師鍨嬫鏋舵垚鏈?5锛岃璁℃枃妗ｄ负 10锛涢樁娈?B 鍓嶇敱鏁板€肩瓥鍒掔粺涓€銆?3. **鍒朵綔浜?v0.1 瀹屾暣鐗?*锛堥噰鐭裤€佺偖濉斻€佹晫琚級灏氭湭寮€濮?鈫?**闃舵 B锛圙AME-004锛?*銆?4. 鏈彁浜?Git锛堟寜瑙勫垯鏈富鍔?commit锛夛紱Guard 鏃ュ織/PID 浠嶄笉搴旇繘鐗堟湰搴撱€?
## 涓嬩竴闃舵锛堣嚜涓绘帹杩涳級

1. **`GAME-004`**锛歚/game-prototype-developer` 瀹炵幇闃舵 B 鈥?灏忚鏄熼噰鐭裤€佺偖濉斻€佷竴娉㈡晫浜恒€佽儨璐ョ粨绠椼€?2. **`/game-numerical-designer`**锛氬榻?`Docs/v0.1-core-loop.md` 鍙傛暟琛ㄣ€?3. **`QA-001`**锛歚/game-polish-developer` 鑷祴鍚庯紝鍒朵綔浜轰綋楠岃瘎瀹℃槸鍚︺€屽竷灞€鏈夋剰涔夈€嶃€?4. 閫氳繃鍚?**`REL-001`**锛氭墦 tag `v0.1.0-prototype`锛屽綊妗?`Releases/`銆?
---

**璇峰湪 `42.md` 鍐欎笅璇曠帺鎰熷彈**锛堝缓閫犳槸鍚﹂『鎵嬨€佺Щ鍔ㄦ槸鍚︽湁澶┖鎰熴€佽繕缂轰粈涔堬級锛屼笅涓€杞細浼樺厛鍚告敹浣犵殑鍙嶉銆傝嫢闇€瑕佹垜鎶婃湰杞敼鍔?**commit 骞?push**锛岀洿鎺ヨ涓€澹板嵆鍙€?
[2026-05-21T21:04:48.0107716Z] Cursor CLI round finished with exit code 0.
[2026-05-21T21:05:03.0294652Z] Starting Cursor CLI round: C:\Users\ylswd\AppData\Local\cursor-agent\cursor-agent.cmd --workspace D:\work\spacegame\LDSpaceGame --trust -p --force <prompt>
